// Vitest Snapshot v1, https://vitest.dev/guide/snapshot.html

exports[`EntrySection > 默认状态快照 1`] = `
<div
  class="we-entry-section"
>
  <div
    class="we-entry-section-header"
  >
    <div>
      <span
        class="we-entry-section-icon"
      >
        📌
      </span>
      <span
        class="we-entry-section-title"
      >
        常驻条目
      </span>
      <p
        class="we-entry-section-desc"
      >
        始终注入
      </p>
    </div>
    <button
      class="we-entry-section-new-btn"
    >
      + 新建
    </button>
  </div>
  <div
    class="we-entry-section-list"
  >
    <div
      style="display: flex; flex-direction: column; gap: 8px;"
    >
      <div
        draggable="false"
        style="z-index: unset; transform: none; user-select: none;"
      >
        <div
          class="we-entry-section-row"
        >
          <span
            class="we-entry-section-drag"
          >
            ⠿
          </span>
          <div
            class="we-entry-section-main"
          >
            <span
              class="we-entry-section-name"
            >
              世界观设定
            </span>
          </div>
          <div
            class="we-entry-section-actions"
          >
            <button
              class="we-entry-section-action"
            >
              编辑
            </button>
            <button
              class="we-entry-section-action we-entry-section-action--danger"
            >
              删除
            </button>
          </div>
        </div>
      </div>
      <div
        draggable="false"
        style="z-index: unset; transform: none; user-select: none;"
      >
        <div
          class="we-entry-section-row"
        >
          <span
            class="we-entry-section-drag"
          >
            ⠿
          </span>
          <div
            class="we-entry-section-main"
          >
            <span
              class="we-entry-section-name"
            >
              后置规则
            </span>
          </div>
          <div
            class="we-entry-section-actions"
          >
            <button
              class="we-entry-section-action"
            >
              编辑
            </button>
            <button
              class="we-entry-section-action we-entry-section-action--danger"
            >
              删除
            </button>
          </div>
        </div>
      </div>
    </div>
  </div>
</div>
`;
