// Vitest Snapshot v1, https://vitest.dev/guide/snapshot.html

exports[`TriggerCard > 默认状态快照 1`] = `
<div
  class="we-trigger-card"
>
  <button
    class="we-trigger-card-toggle we-trigger-card-toggle--enabled"
    title="点击禁用"
  >
    <span
      class="we-trigger-card-toggle-knob"
    />
  </button>
  <div
    class="we-trigger-card-body"
  >
    <div
      class="we-trigger-card-name"
    >
      测试触发器
    </div>
    <div
      class="we-trigger-card-summary"
    >
      当 
      hp &lt; 50
    </div>
    <div
      class="we-trigger-card-summary we-trigger-card-summary--action"
    >
      则 
      通知：血量低
    </div>
    <div
      class="we-trigger-card-meta"
    >
      可重复触发
       ·
       
      从未触发
    </div>
  </div>
  <div
    class="we-trigger-card-actions"
  >
    <button
      class="we-trigger-card-action"
    >
      编辑
    </button>
    <button
      class="we-trigger-card-action we-trigger-card-action--danger"
    >
      删除
    </button>
  </div>
</div>
`;
